2025-10-05 20:59:00 | INFO | repo=pv243-a4m36jee-2016-management-seminar | action=commit
2025-04-07 20:55:00 | DEBUG | repo=pv243-a4m36jee-2016-management-seminar | action=commit
2025-01-09 18:17:00 | INFO | repo=pv243-a4m36jee-2016-management-seminar | action=commit
2025-11-26 07:12:00 | DEBUG | repo=pv243-a4m36jee-2016-management-seminar | action=edit | files=2
2025-04-04 11:54:00 | INFO | repo=pv243-a4m36jee-2016-management-seminar | action=commit
2025-05-05 07:51:00 | INFO | repo=pv243-a4m36jee-2016-management-seminar | action=commit
2025-12-17 13:47:00 | DEBUG | repo=pv243-a4m36jee-2016-management-seminar | action=commit
2025-05-15 12:51:00 | DEBUG | repo=pv243-a4m36jee-2016-management-seminar | action=commit
2025-07-16 19:58:00 | WARN | repo=pv243-a4m36jee-2016-management-seminar | action=commit
2025-03-06 10:16:00 | DEBUG | repo=pv243-a4m36jee-2016-management-seminar | action=commit
2025-05-20 07:11:00 | WARN | repo=pv243-a4m36jee-2016-management-seminar | action=commit
2025-03-03 18:11:00 | WARN | repo=pv243-a4m36jee-2016-management-seminar | action=commit
2025-02-27 16:05:00 | INFO | repo=pv243-a4m36jee-2016-management-seminar | action=commit
2025-05-01 18:34:00 | DEBUG | repo=pv243-a4m36jee-2016-management-seminar | action=test | passed=true
2025-01-12 20:04:00 | DEBUG | repo=pv243-a4m36jee-2016-management-seminar | action=commit
2025-10-06 20:13:00 | INFO | repo=pv243-a4m36jee-2016-management-seminar | action=commit
2025-10-25 19:29:00 | INFO | repo=pv243-a4m36jee-2016-management-seminar | action=test | passed=true
2025-04-09 07:18:00 | DEBUG | repo=pv243-a4m36jee-2016-management-seminar | action=commit
2025-11-01 21:56:00 | INFO | repo=pv243-a4m36jee-2016-management-seminar | action=edit | files=3
2025-09-28 18:35:00 | INFO | repo=pv243-a4m36jee-2016-management-seminar | action=commit
